2026-04-27 13:09: Experiment log path in: ./saved_models/NASDAQ/
2026-04-27 13:09: Train Epoch 1: 0/74 Loss: 0.588773
2026-04-27 13:09: Train Epoch 1: 20/74 Loss: 0.035303
2026-04-27 13:09: Train Epoch 1: 40/74 Loss: 0.061547
2026-04-27 13:09: Train Epoch 1: 60/74 Loss: 0.044173
2026-04-27 13:09: **********Train Epoch 1: averaged Loss: 0.074358
2026-04-27 13:09: **********Val Epoch 1: average Loss: 0.053289
2026-04-27 13:09: *********************************Current best model saved!
2026-04-27 13:09: Train Epoch 2: 0/74 Loss: 0.845418
2026-04-27 13:09: Train Epoch 2: 20/74 Loss: 0.060765
2026-04-27 13:09: Train Epoch 2: 40/74 Loss: 0.110266
2026-04-27 13:09: Train Epoch 2: 60/74 Loss: 0.053613
2026-04-27 13:09: **********Train Epoch 2: averaged Loss: 0.164109
2026-04-27 13:09: **********Val Epoch 2: average Loss: 0.197418
2026-04-27 13:09: Train Epoch 3: 0/74 Loss: 0.619901
2026-04-27 13:09: Train Epoch 3: 20/74 Loss: 0.201133
2026-04-27 13:09: Train Epoch 3: 40/74 Loss: 0.118534
2026-04-27 13:09: Train Epoch 3: 60/74 Loss: 0.056340
2026-04-27 13:09: **********Train Epoch 3: averaged Loss: 0.178495
2026-04-27 13:09: **********Val Epoch 3: average Loss: 0.238918
2026-04-27 13:09: Train Epoch 4: 0/74 Loss: 0.568055
2026-04-27 13:09: Train Epoch 4: 20/74 Loss: 0.077083
2026-04-27 13:09: Train Epoch 4: 40/74 Loss: 0.062932
2026-04-27 13:09: Train Epoch 4: 60/74 Loss: 0.098760
2026-04-27 13:09: **********Train Epoch 4: averaged Loss: 0.159608
2026-04-27 13:09: **********Val Epoch 4: average Loss: 0.233673
2026-04-27 13:09: Train Epoch 5: 0/74 Loss: 0.525802
2026-04-27 13:09: Train Epoch 5: 20/74 Loss: 0.087853
2026-04-27 13:09: Train Epoch 5: 40/74 Loss: 0.092785
2026-04-27 13:09: Train Epoch 5: 60/74 Loss: 0.033612
2026-04-27 13:09: **********Train Epoch 5: averaged Loss: 0.161619
2026-04-27 13:09: **********Val Epoch 5: average Loss: 0.221636
2026-04-27 13:09: Train Epoch 6: 0/74 Loss: 0.472564
2026-04-27 13:09: Train Epoch 6: 20/74 Loss: 0.077090
2026-04-27 13:09: Train Epoch 6: 40/74 Loss: 0.014752
2026-04-27 13:09: Train Epoch 6: 60/74 Loss: 0.117284
2026-04-27 13:09: **********Train Epoch 6: averaged Loss: 0.143794
2026-04-27 13:09: **********Val Epoch 6: average Loss: 0.233910
2026-04-27 13:09: Train Epoch 7: 0/74 Loss: 0.500088
2026-04-27 13:10: Train Epoch 7: 20/74 Loss: 0.022029
2026-04-27 13:10: Train Epoch 7: 40/74 Loss: 0.088847
2026-04-27 13:10: Train Epoch 7: 60/74 Loss: 0.094055
2026-04-27 13:10: **********Train Epoch 7: averaged Loss: 0.150778
2026-04-27 13:10: **********Val Epoch 7: average Loss: 0.323677
2026-04-27 13:10: Train Epoch 8: 0/74 Loss: 0.330058
2026-04-27 13:10: Train Epoch 8: 20/74 Loss: 0.067121
2026-04-27 13:10: Train Epoch 8: 40/74 Loss: 0.065678
2026-04-27 13:10: Train Epoch 8: 60/74 Loss: 0.096517
2026-04-27 13:10: **********Train Epoch 8: averaged Loss: 0.113053
2026-04-27 13:10: **********Val Epoch 8: average Loss: 0.247446
2026-04-27 13:10: Train Epoch 9: 0/74 Loss: 0.324795
2026-04-27 13:10: Train Epoch 9: 20/74 Loss: 0.105110
2026-04-27 13:10: Train Epoch 9: 40/74 Loss: 0.096009
2026-04-27 13:10: Train Epoch 9: 60/74 Loss: 0.040118
2026-04-27 13:10: **********Train Epoch 9: averaged Loss: 0.098818
2026-04-27 13:10: **********Val Epoch 9: average Loss: 0.169910
2026-04-27 13:10: Train Epoch 10: 0/74 Loss: 0.339080
2026-04-27 13:10: Train Epoch 10: 20/74 Loss: 0.111092
2026-04-27 13:10: Train Epoch 10: 40/74 Loss: 0.014116
2026-04-27 13:10: Train Epoch 10: 60/74 Loss: 0.007105
2026-04-27 13:10: **********Train Epoch 10: averaged Loss: 0.092652
2026-04-27 13:10: **********Val Epoch 10: average Loss: 0.102493
2026-04-27 13:10: Train Epoch 11: 0/74 Loss: 0.200900
2026-04-27 13:10: Train Epoch 11: 20/74 Loss: 0.123697
2026-04-27 13:10: Train Epoch 11: 40/74 Loss: 0.008789
2026-04-27 13:10: Train Epoch 11: 60/74 Loss: 0.033249
2026-04-27 13:10: **********Train Epoch 11: averaged Loss: 0.063859
2026-04-27 13:10: **********Val Epoch 11: average Loss: 0.131420
2026-04-27 13:10: Train Epoch 12: 0/74 Loss: 0.072751
2026-04-27 13:10: Train Epoch 12: 20/74 Loss: 0.021862
2026-04-27 13:10: Train Epoch 12: 40/74 Loss: 0.028234
2026-04-27 13:10: Train Epoch 12: 60/74 Loss: 0.033891
2026-04-27 13:10: **********Train Epoch 12: averaged Loss: 0.036687
2026-04-27 13:10: **********Val Epoch 12: average Loss: 0.157596
2026-04-27 13:10: Train Epoch 13: 0/74 Loss: 0.129163
2026-04-27 13:10: Train Epoch 13: 20/74 Loss: 0.055739
2026-04-27 13:10: Train Epoch 13: 40/74 Loss: 0.039872
2026-04-27 13:10: Train Epoch 13: 60/74 Loss: 0.063098
2026-04-27 13:10: **********Train Epoch 13: averaged Loss: 0.035876
2026-04-27 13:10: **********Val Epoch 13: average Loss: 0.045612
2026-04-27 13:10: *********************************Current best model saved!
2026-04-27 13:10: Train Epoch 14: 0/74 Loss: 0.381331
2026-04-27 13:10: Train Epoch 14: 20/74 Loss: 0.006714
2026-04-27 13:10: Train Epoch 14: 40/74 Loss: 0.079326
2026-04-27 13:10: Train Epoch 14: 60/74 Loss: 0.072331
2026-04-27 13:10: **********Train Epoch 14: averaged Loss: 0.111710
2026-04-27 13:10: **********Val Epoch 14: average Loss: 0.075200
2026-04-27 13:10: Train Epoch 15: 0/74 Loss: 0.135205
2026-04-27 13:10: Train Epoch 15: 20/74 Loss: 0.060218
2026-04-27 13:10: Train Epoch 15: 40/74 Loss: 0.007952
2026-04-27 13:10: Train Epoch 15: 60/74 Loss: 0.067424
2026-04-27 13:10: **********Train Epoch 15: averaged Loss: 0.046102
2026-04-27 13:10: **********Val Epoch 15: average Loss: 0.108656
2026-04-27 13:10: Train Epoch 16: 0/74 Loss: 0.116704
2026-04-27 13:10: Train Epoch 16: 20/74 Loss: 0.009755
2026-04-27 13:10: Train Epoch 16: 40/74 Loss: 0.055942
2026-04-27 13:10: Train Epoch 16: 60/74 Loss: 0.038411
2026-04-27 13:10: **********Train Epoch 16: averaged Loss: 0.027319
2026-04-27 13:10: **********Val Epoch 16: average Loss: 0.070697
2026-04-27 13:10: Train Epoch 17: 0/74 Loss: 0.247123
2026-04-27 13:10: Train Epoch 17: 20/74 Loss: 0.046249
2026-04-27 13:10: Train Epoch 17: 40/74 Loss: 0.013944
2026-04-27 13:10: Train Epoch 17: 60/74 Loss: 0.033627
2026-04-27 13:10: **********Train Epoch 17: averaged Loss: 0.050709
2026-04-27 13:10: **********Val Epoch 17: average Loss: 0.095616
2026-04-27 13:10: Train Epoch 18: 0/74 Loss: 0.171745
2026-04-27 13:10: Train Epoch 18: 20/74 Loss: 0.084709
2026-04-27 13:10: Train Epoch 18: 40/74 Loss: 0.010866
2026-04-27 13:10: Train Epoch 18: 60/74 Loss: 0.006257
2026-04-27 13:10: **********Train Epoch 18: averaged Loss: 0.044260
2026-04-27 13:10: **********Val Epoch 18: average Loss: 0.064404
2026-04-27 13:10: Train Epoch 19: 0/74 Loss: 0.237494
2026-04-27 13:10: Train Epoch 19: 20/74 Loss: 0.085534
2026-04-27 13:10: Train Epoch 19: 40/74 Loss: 0.027716
2026-04-27 13:10: Train Epoch 19: 60/74 Loss: 0.027633
2026-04-27 13:10: **********Train Epoch 19: averaged Loss: 0.052980
2026-04-27 13:10: **********Val Epoch 19: average Loss: 0.105377
2026-04-27 13:10: Train Epoch 20: 0/74 Loss: 0.148491
2026-04-27 13:10: Train Epoch 20: 20/74 Loss: 0.069565
2026-04-27 13:10: Train Epoch 20: 40/74 Loss: 0.048000
2026-04-27 13:10: Train Epoch 20: 60/74 Loss: 0.021522
2026-04-27 13:10: **********Train Epoch 20: averaged Loss: 0.047082
2026-04-27 13:10: **********Val Epoch 20: average Loss: 0.144272
2026-04-27 13:10: Train Epoch 21: 0/74 Loss: 0.204242
2026-04-27 13:10: Train Epoch 21: 20/74 Loss: 0.063797
2026-04-27 13:10: Train Epoch 21: 40/74 Loss: 0.074773
2026-04-27 13:10: Train Epoch 21: 60/74 Loss: 0.025598
2026-04-27 13:10: **********Train Epoch 21: averaged Loss: 0.064972
2026-04-27 13:10: **********Val Epoch 21: average Loss: 0.108432
2026-04-27 13:10: Train Epoch 22: 0/74 Loss: 0.360307
2026-04-27 13:10: Train Epoch 22: 20/74 Loss: 0.017890
2026-04-27 13:10: Train Epoch 22: 40/74 Loss: 0.018312
2026-04-27 13:10: Train Epoch 22: 60/74 Loss: 0.007815
2026-04-27 13:10: **********Train Epoch 22: averaged Loss: 0.097795
2026-04-27 13:10: **********Val Epoch 22: average Loss: 0.055568
2026-04-27 13:10: Train Epoch 23: 0/74 Loss: 0.211262
2026-04-27 13:10: Train Epoch 23: 20/74 Loss: 0.056593
2026-04-27 13:11: Train Epoch 23: 40/74 Loss: 0.012078
2026-04-27 13:11: Train Epoch 23: 60/74 Loss: 0.023825
2026-04-27 13:11: **********Train Epoch 23: averaged Loss: 0.051951
2026-04-27 13:11: **********Val Epoch 23: average Loss: 0.070865
2026-04-27 13:11: Train Epoch 24: 0/74 Loss: 0.036352
2026-04-27 13:11: Train Epoch 24: 20/74 Loss: 0.002274
2026-04-27 13:11: Train Epoch 24: 40/74 Loss: 0.040517
2026-04-27 13:11: Train Epoch 24: 60/74 Loss: 0.011966
2026-04-27 13:11: **********Train Epoch 24: averaged Loss: 0.023185
2026-04-27 13:11: **********Val Epoch 24: average Loss: 0.046944
2026-04-27 13:11: Train Epoch 25: 0/74 Loss: 0.157258
2026-04-27 13:11: Train Epoch 25: 20/74 Loss: 0.045456
2026-04-27 13:11: Train Epoch 25: 40/74 Loss: 0.043216
2026-04-27 13:11: Train Epoch 25: 60/74 Loss: 0.071407
2026-04-27 13:11: **********Train Epoch 25: averaged Loss: 0.041267
2026-04-27 13:11: **********Val Epoch 25: average Loss: 0.017759
2026-04-27 13:11: *********************************Current best model saved!
2026-04-27 13:11: Train Epoch 26: 0/74 Loss: 0.203092
2026-04-27 13:11: Train Epoch 26: 20/74 Loss: 0.054717
2026-04-27 13:11: Train Epoch 26: 40/74 Loss: 0.015218
2026-04-27 13:11: Train Epoch 26: 60/74 Loss: 0.046024
2026-04-27 13:11: **********Train Epoch 26: averaged Loss: 0.071892
2026-04-27 13:11: **********Val Epoch 26: average Loss: 0.100881
2026-04-27 13:11: Train Epoch 27: 0/74 Loss: 0.336312
2026-04-27 13:11: Train Epoch 27: 20/74 Loss: 0.047270
2026-04-27 13:11: Train Epoch 27: 40/74 Loss: 0.018746
2026-04-27 13:11: Train Epoch 27: 60/74 Loss: 0.049554
2026-04-27 13:11: **********Train Epoch 27: averaged Loss: 0.096505
2026-04-27 13:11: **********Val Epoch 27: average Loss: 0.080378
2026-04-27 13:11: Train Epoch 28: 0/74 Loss: 0.160701
2026-04-27 13:11: Train Epoch 28: 20/74 Loss: 0.051089
2026-04-27 13:11: Train Epoch 28: 40/74 Loss: 0.055527
2026-04-27 13:11: Train Epoch 28: 60/74 Loss: 0.063699
2026-04-27 13:11: **********Train Epoch 28: averaged Loss: 0.046413
2026-04-27 13:11: **********Val Epoch 28: average Loss: 0.033007
2026-04-27 13:11: Train Epoch 29: 0/74 Loss: 0.177944
2026-04-27 13:11: Train Epoch 29: 20/74 Loss: 0.054849
2026-04-27 13:11: Train Epoch 29: 40/74 Loss: 0.064337
2026-04-27 13:11: Train Epoch 29: 60/74 Loss: 0.053984
2026-04-27 13:11: **********Train Epoch 29: averaged Loss: 0.052507
2026-04-27 13:11: **********Val Epoch 29: average Loss: 0.040266
2026-04-27 13:11: Train Epoch 30: 0/74 Loss: 0.131690
2026-04-27 13:11: Train Epoch 30: 20/74 Loss: 0.048611
2026-04-27 13:11: Train Epoch 30: 40/74 Loss: 0.043311
2026-04-27 13:11: Train Epoch 30: 60/74 Loss: 0.062677
2026-04-27 13:11: **********Train Epoch 30: averaged Loss: 0.050361
2026-04-27 13:11: **********Val Epoch 30: average Loss: 0.036469
2026-04-27 13:11: Train Epoch 31: 0/74 Loss: 0.178181
2026-04-27 13:11: Train Epoch 31: 20/74 Loss: 0.027811
2026-04-27 13:11: Train Epoch 31: 40/74 Loss: 0.048950
2026-04-27 13:11: Train Epoch 31: 60/74 Loss: 0.048993
2026-04-27 13:11: **********Train Epoch 31: averaged Loss: 0.050034
2026-04-27 13:11: **********Val Epoch 31: average Loss: 0.020779
2026-04-27 13:11: Train Epoch 32: 0/74 Loss: 0.232060
2026-04-27 13:11: Train Epoch 32: 20/74 Loss: 0.011229
2026-04-27 13:11: Train Epoch 32: 40/74 Loss: 0.012948
2026-04-27 13:11: Train Epoch 32: 60/74 Loss: 0.046612
2026-04-27 13:11: **********Train Epoch 32: averaged Loss: 0.066454
2026-04-27 13:11: **********Val Epoch 32: average Loss: 0.099393
2026-04-27 13:11: Train Epoch 33: 0/74 Loss: 0.159043
2026-04-27 13:11: Train Epoch 33: 20/74 Loss: 0.055662
2026-04-27 13:11: Train Epoch 33: 40/74 Loss: 0.007073
2026-04-27 13:11: Train Epoch 33: 60/74 Loss: 0.068407
2026-04-27 13:11: **********Train Epoch 33: averaged Loss: 0.057325
2026-04-27 13:11: **********Val Epoch 33: average Loss: 0.054161
2026-04-27 13:11: Train Epoch 34: 0/74 Loss: 0.249048
2026-04-27 13:11: Train Epoch 34: 20/74 Loss: 0.029560
2026-04-27 13:11: Train Epoch 34: 40/74 Loss: 0.006088
2026-04-27 13:11: Train Epoch 34: 60/74 Loss: 0.007565
2026-04-27 13:11: **********Train Epoch 34: averaged Loss: 0.073258
2026-04-27 13:11: **********Val Epoch 34: average Loss: 0.040338
2026-04-27 13:11: Train Epoch 35: 0/74 Loss: 0.126063
2026-04-27 13:11: Train Epoch 35: 20/74 Loss: 0.030500
2026-04-27 13:11: Train Epoch 35: 40/74 Loss: 0.052336
2026-04-27 13:11: Train Epoch 35: 60/74 Loss: 0.011872
2026-04-27 13:11: **********Train Epoch 35: averaged Loss: 0.042244
2026-04-27 13:11: **********Val Epoch 35: average Loss: 0.032947
2026-04-27 13:11: Train Epoch 36: 0/74 Loss: 0.115227
2026-04-27 13:11: Train Epoch 36: 20/74 Loss: 0.034832
2026-04-27 13:11: Train Epoch 36: 40/74 Loss: 0.006989
2026-04-27 13:11: Train Epoch 36: 60/74 Loss: 0.061031
2026-04-27 13:11: **********Train Epoch 36: averaged Loss: 0.048722
2026-04-27 13:11: **********Val Epoch 36: average Loss: 0.019522
2026-04-27 13:11: Train Epoch 37: 0/74 Loss: 0.286554
2026-04-27 13:12: Train Epoch 37: 20/74 Loss: 0.014329
2026-04-27 13:12: Train Epoch 37: 40/74 Loss: 0.013426
2026-04-27 13:12: Train Epoch 37: 60/74 Loss: 0.007116
2026-04-27 13:12: **********Train Epoch 37: averaged Loss: 0.083016
2026-04-27 13:12: **********Val Epoch 37: average Loss: 0.093372
2026-04-27 13:12: Train Epoch 38: 0/74 Loss: 0.172699
2026-04-27 13:12: Train Epoch 38: 20/74 Loss: 0.066880
2026-04-27 13:12: Train Epoch 38: 40/74 Loss: 0.007153
2026-04-27 13:12: Train Epoch 38: 60/74 Loss: 0.064252
2026-04-27 13:12: **********Train Epoch 38: averaged Loss: 0.060555
2026-04-27 13:12: **********Val Epoch 38: average Loss: 0.197558
2026-04-27 13:12: Train Epoch 39: 0/74 Loss: 0.308178
2026-04-27 13:12: Train Epoch 39: 20/74 Loss: 0.071683
2026-04-27 13:12: Train Epoch 39: 40/74 Loss: 0.035450
2026-04-27 13:12: Train Epoch 39: 60/74 Loss: 0.052728
2026-04-27 13:12: **********Train Epoch 39: averaged Loss: 0.093011
2026-04-27 13:12: **********Val Epoch 39: average Loss: 0.072907
2026-04-27 13:12: Train Epoch 40: 0/74 Loss: 0.215193
2026-04-27 13:12: Train Epoch 40: 20/74 Loss: 0.021220
2026-04-27 13:12: Train Epoch 40: 40/74 Loss: 0.073202
2026-04-27 13:12: Train Epoch 40: 60/74 Loss: 0.007514
2026-04-27 13:12: **********Train Epoch 40: averaged Loss: 0.060491
2026-04-27 13:12: **********Val Epoch 40: average Loss: 0.096973
2026-04-27 13:12: Train Epoch 41: 0/74 Loss: 0.084245
2026-04-27 13:12: Train Epoch 41: 20/74 Loss: 0.035523
2026-04-27 13:12: Train Epoch 41: 40/74 Loss: 0.052245
2026-04-27 13:12: Train Epoch 41: 60/74 Loss: 0.073401
2026-04-27 13:12: **********Train Epoch 41: averaged Loss: 0.031747
2026-04-27 13:12: **********Val Epoch 41: average Loss: 0.031870
2026-04-27 13:12: Train Epoch 42: 0/74 Loss: 0.132912
2026-04-27 13:12: Train Epoch 42: 20/74 Loss: 0.025685
2026-04-27 13:12: Train Epoch 42: 40/74 Loss: 0.006622
2026-04-27 13:12: Train Epoch 42: 60/74 Loss: 0.045414
2026-04-27 13:12: **********Train Epoch 42: averaged Loss: 0.047152
2026-04-27 13:12: **********Val Epoch 42: average Loss: 0.022102
2026-04-27 13:12: Train Epoch 43: 0/74 Loss: 0.234428
2026-04-27 13:12: Train Epoch 43: 20/74 Loss: 0.041035
2026-04-27 13:12: Train Epoch 43: 40/74 Loss: 0.013799
2026-04-27 13:12: Train Epoch 43: 60/74 Loss: 0.015637
2026-04-27 13:12: **********Train Epoch 43: averaged Loss: 0.063443
2026-04-27 13:12: **********Val Epoch 43: average Loss: 0.069910
2026-04-27 13:12: Train Epoch 44: 0/74 Loss: 0.120011
2026-04-27 13:12: Train Epoch 44: 20/74 Loss: 0.015983
2026-04-27 13:12: Train Epoch 44: 40/74 Loss: 0.060127
2026-04-27 13:12: Train Epoch 44: 60/74 Loss: 0.053959
2026-04-27 13:12: **********Train Epoch 44: averaged Loss: 0.034046
2026-04-27 13:12: **********Val Epoch 44: average Loss: 0.025699
2026-04-27 13:12: Train Epoch 45: 0/74 Loss: 0.142950
2026-04-27 13:12: Train Epoch 45: 20/74 Loss: 0.043339
2026-04-27 13:12: Train Epoch 45: 40/74 Loss: 0.013998
2026-04-27 13:12: Train Epoch 45: 60/74 Loss: 0.045253
2026-04-27 13:12: **********Train Epoch 45: averaged Loss: 0.046203
2026-04-27 13:12: **********Val Epoch 45: average Loss: 0.056939
2026-04-27 13:12: Train Epoch 46: 0/74 Loss: 0.172844
2026-04-27 13:12: Train Epoch 46: 20/74 Loss: 0.040495
2026-04-27 13:12: Train Epoch 46: 40/74 Loss: 0.050484
2026-04-27 13:12: Train Epoch 46: 60/74 Loss: 0.050592
2026-04-27 13:12: **********Train Epoch 46: averaged Loss: 0.061427
2026-04-27 13:12: **********Val Epoch 46: average Loss: 0.034268
2026-04-27 13:12: Train Epoch 47: 0/74 Loss: 0.233811
2026-04-27 13:12: Train Epoch 47: 20/74 Loss: 0.022800
2026-04-27 13:12: Train Epoch 47: 40/74 Loss: 0.022773
2026-04-27 13:12: Train Epoch 47: 60/74 Loss: 0.043460
2026-04-27 13:12: **********Train Epoch 47: averaged Loss: 0.077888
2026-04-27 13:12: **********Val Epoch 47: average Loss: 0.047719
2026-04-27 13:12: Train Epoch 48: 0/74 Loss: 0.126174
2026-04-27 13:12: Train Epoch 48: 20/74 Loss: 0.035290
2026-04-27 13:12: Train Epoch 48: 40/74 Loss: 0.013141
2026-04-27 13:12: Train Epoch 48: 60/74 Loss: 0.041848
2026-04-27 13:12: **********Train Epoch 48: averaged Loss: 0.040208
2026-04-27 13:12: **********Val Epoch 48: average Loss: 0.060112
2026-04-27 13:12: Train Epoch 49: 0/74 Loss: 0.191478
2026-04-27 13:12: Train Epoch 49: 20/74 Loss: 0.003197
2026-04-27 13:12: Train Epoch 49: 40/74 Loss: 0.012138
2026-04-27 13:12: Train Epoch 49: 60/74 Loss: 0.024977
2026-04-27 13:12: **********Train Epoch 49: averaged Loss: 0.045351
2026-04-27 13:12: **********Val Epoch 49: average Loss: 0.032437
2026-04-27 13:12: Train Epoch 50: 0/74 Loss: 0.109659
2026-04-27 13:12: Train Epoch 50: 20/74 Loss: 0.028959
2026-04-27 13:12: Train Epoch 50: 40/74 Loss: 0.029459
2026-04-27 13:12: Train Epoch 50: 60/74 Loss: 0.028471
2026-04-27 13:12: **********Train Epoch 50: averaged Loss: 0.038204
2026-04-27 13:12: **********Val Epoch 50: average Loss: 0.121729
2026-04-27 13:12: Train Epoch 51: 0/74 Loss: 0.128498
2026-04-27 13:12: Train Epoch 51: 20/74 Loss: 0.013795
2026-04-27 13:12: Train Epoch 51: 40/74 Loss: 0.010367
2026-04-27 13:12: Train Epoch 51: 60/74 Loss: 0.040326
2026-04-27 13:12: **********Train Epoch 51: averaged Loss: 0.042302
2026-04-27 13:12: **********Val Epoch 51: average Loss: 0.105710
2026-04-27 13:12: Train Epoch 52: 0/74 Loss: 0.260642
2026-04-27 13:12: Train Epoch 52: 20/74 Loss: 0.056505
2026-04-27 13:12: Train Epoch 52: 40/74 Loss: 0.033272
2026-04-27 13:12: Train Epoch 52: 60/74 Loss: 0.052444
2026-04-27 13:12: **********Train Epoch 52: averaged Loss: 0.076921
2026-04-27 13:12: **********Val Epoch 52: average Loss: 0.025094
2026-04-27 13:12: Train Epoch 53: 0/74 Loss: 0.106739
2026-04-27 13:12: Train Epoch 53: 20/74 Loss: 0.051147
2026-04-27 13:13: Train Epoch 53: 40/74 Loss: 0.022059
2026-04-27 13:13: Train Epoch 53: 60/74 Loss: 0.014411
2026-04-27 13:13: **********Train Epoch 53: averaged Loss: 0.031837
2026-04-27 13:13: **********Val Epoch 53: average Loss: 0.100744
2026-04-27 13:13: Train Epoch 54: 0/74 Loss: 0.117550
2026-04-27 13:13: Train Epoch 54: 20/74 Loss: 0.028741
2026-04-27 13:13: Train Epoch 54: 40/74 Loss: 0.030885
2026-04-27 13:13: Train Epoch 54: 60/74 Loss: 0.044335
2026-04-27 13:13: **********Train Epoch 54: averaged Loss: 0.043220
2026-04-27 13:13: **********Val Epoch 54: average Loss: 0.025509
2026-04-27 13:13: Train Epoch 55: 0/74 Loss: 0.121640
2026-04-27 13:13: Train Epoch 55: 20/74 Loss: 0.012713
2026-04-27 13:13: Train Epoch 55: 40/74 Loss: 0.031596
2026-04-27 13:13: Train Epoch 55: 60/74 Loss: 0.005897
2026-04-27 13:13: **********Train Epoch 55: averaged Loss: 0.039538
2026-04-27 13:13: **********Val Epoch 55: average Loss: 0.085051
2026-04-27 13:13: Train Epoch 56: 0/74 Loss: 0.036180
2026-04-27 13:13: Train Epoch 56: 20/74 Loss: 0.006779
2026-04-27 13:13: Train Epoch 56: 40/74 Loss: 0.050014
2026-04-27 13:13: Train Epoch 56: 60/74 Loss: 0.039387
2026-04-27 13:13: **********Train Epoch 56: averaged Loss: 0.024433
2026-04-27 13:13: **********Val Epoch 56: average Loss: 0.013805
2026-04-27 13:13: *********************************Current best model saved!
2026-04-27 13:13: Train Epoch 57: 0/74 Loss: 0.174956
2026-04-27 13:13: Train Epoch 57: 20/74 Loss: 0.007017
2026-04-27 13:13: Train Epoch 57: 40/74 Loss: 0.035661
2026-04-27 13:13: Train Epoch 57: 60/74 Loss: 0.033502
2026-04-27 13:13: **********Train Epoch 57: averaged Loss: 0.048241
2026-04-27 13:13: **********Val Epoch 57: average Loss: 0.042407
2026-04-27 13:13: Train Epoch 58: 0/74 Loss: 0.140212
2026-04-27 13:13: Train Epoch 58: 20/74 Loss: 0.033680
2026-04-27 13:13: Train Epoch 58: 40/74 Loss: 0.012735
2026-04-27 13:13: Train Epoch 58: 60/74 Loss: 0.018020
2026-04-27 13:13: **********Train Epoch 58: averaged Loss: 0.043318
2026-04-27 13:13: **********Val Epoch 58: average Loss: 0.012520
2026-04-27 13:13: *********************************Current best model saved!
2026-04-27 13:13: Train Epoch 59: 0/74 Loss: 0.170927
2026-04-27 13:13: Train Epoch 59: 20/74 Loss: 0.017581
2026-04-27 13:13: Train Epoch 59: 40/74 Loss: 0.018370
2026-04-27 13:13: Train Epoch 59: 60/74 Loss: 0.041723
2026-04-27 13:13: **********Train Epoch 59: averaged Loss: 0.046903
2026-04-27 13:13: **********Val Epoch 59: average Loss: 0.013298
2026-04-27 13:13: Train Epoch 60: 0/74 Loss: 0.117730
2026-04-27 13:13: Train Epoch 60: 20/74 Loss: 0.017917
2026-04-27 13:13: Train Epoch 60: 40/74 Loss: 0.037867
2026-04-27 13:13: Train Epoch 60: 60/74 Loss: 0.031073
2026-04-27 13:13: **********Train Epoch 60: averaged Loss: 0.035724
2026-04-27 13:13: **********Val Epoch 60: average Loss: 0.086488
2026-04-27 13:13: Train Epoch 61: 0/74 Loss: 0.110508
2026-04-27 13:13: Train Epoch 61: 20/74 Loss: 0.031338
2026-04-27 13:13: Train Epoch 61: 40/74 Loss: 0.013545
2026-04-27 13:13: Train Epoch 61: 60/74 Loss: 0.048432
2026-04-27 13:13: **********Train Epoch 61: averaged Loss: 0.040246
2026-04-27 13:13: **********Val Epoch 61: average Loss: 0.063701
2026-04-27 13:13: Train Epoch 62: 0/74 Loss: 0.254037
2026-04-27 13:13: Train Epoch 62: 20/74 Loss: 0.006268
2026-04-27 13:13: Train Epoch 62: 40/74 Loss: 0.012868
2026-04-27 13:13: Train Epoch 62: 60/74 Loss: 0.033208
2026-04-27 13:13: **********Train Epoch 62: averaged Loss: 0.060169
2026-04-27 13:13: **********Val Epoch 62: average Loss: 0.034581
2026-04-27 13:13: Train Epoch 63: 0/74 Loss: 0.065548
2026-04-27 13:13: Train Epoch 63: 20/74 Loss: 0.007564
2026-04-27 13:13: Train Epoch 63: 40/74 Loss: 0.027179
2026-04-27 13:13: Train Epoch 63: 60/74 Loss: 0.054366
2026-04-27 13:13: **********Train Epoch 63: averaged Loss: 0.018673
2026-04-27 13:13: **********Val Epoch 63: average Loss: 0.032268
2026-04-27 13:13: Train Epoch 64: 0/74 Loss: 0.091080
2026-04-27 13:13: Train Epoch 64: 20/74 Loss: 0.012911
2026-04-27 13:13: Train Epoch 64: 40/74 Loss: 0.023871
2026-04-27 13:13: Train Epoch 64: 60/74 Loss: 0.038709
2026-04-27 13:13: **********Train Epoch 64: averaged Loss: 0.024309
2026-04-27 13:13: **********Val Epoch 64: average Loss: 0.016583
2026-04-27 13:13: Train Epoch 65: 0/74 Loss: 0.049827
2026-04-27 13:13: Train Epoch 65: 20/74 Loss: 0.002731
2026-04-27 13:13: Train Epoch 65: 40/74 Loss: 0.037494
2026-04-27 13:13: Train Epoch 65: 60/74 Loss: 0.039517
2026-04-27 13:13: **********Train Epoch 65: averaged Loss: 0.019251
2026-04-27 13:13: **********Val Epoch 65: average Loss: 0.056447
2026-04-27 13:13: Train Epoch 66: 0/74 Loss: 0.098379
2026-04-27 13:14: Train Epoch 66: 20/74 Loss: 0.018899
2026-04-27 13:14: Train Epoch 66: 40/74 Loss: 0.048223
2026-04-27 13:14: Train Epoch 66: 60/74 Loss: 0.014172
2026-04-27 13:14: **********Train Epoch 66: averaged Loss: 0.032753
2026-04-27 13:14: **********Val Epoch 66: average Loss: 0.014564
2026-04-27 13:14: Train Epoch 67: 0/74 Loss: 0.214749
2026-04-27 13:14: Train Epoch 67: 20/74 Loss: 0.030016
2026-04-27 13:14: Train Epoch 67: 40/74 Loss: 0.006791
2026-04-27 13:14: Train Epoch 67: 60/74 Loss: 0.018736
2026-04-27 13:14: **********Train Epoch 67: averaged Loss: 0.055219
2026-04-27 13:14: **********Val Epoch 67: average Loss: 0.055178
2026-04-27 13:14: Train Epoch 68: 0/74 Loss: 0.044565
2026-04-27 13:14: Train Epoch 68: 20/74 Loss: 0.004661
2026-04-27 13:14: Train Epoch 68: 40/74 Loss: 0.020140
2026-04-27 13:14: Train Epoch 68: 60/74 Loss: 0.035230
2026-04-27 13:14: **********Train Epoch 68: averaged Loss: 0.021414
2026-04-27 13:14: **********Val Epoch 68: average Loss: 0.017094
2026-04-27 13:14: Train Epoch 69: 0/74 Loss: 0.116075
2026-04-27 13:14: Train Epoch 69: 20/74 Loss: 0.023357
2026-04-27 13:14: Train Epoch 69: 40/74 Loss: 0.013651
2026-04-27 13:14: Train Epoch 69: 60/74 Loss: 0.041185
2026-04-27 13:14: **********Train Epoch 69: averaged Loss: 0.031695
2026-04-27 13:14: **********Val Epoch 69: average Loss: 0.024830
2026-04-27 13:14: Train Epoch 70: 0/74 Loss: 0.098034
2026-04-27 13:14: Train Epoch 70: 20/74 Loss: 0.002298
2026-04-27 13:14: Train Epoch 70: 40/74 Loss: 0.051650
2026-04-27 13:14: Train Epoch 70: 60/74 Loss: 0.010595
2026-04-27 13:14: **********Train Epoch 70: averaged Loss: 0.034023
2026-04-27 13:14: **********Val Epoch 70: average Loss: 0.066928
2026-04-27 13:14: Train Epoch 71: 0/74 Loss: 0.346778
2026-04-27 13:14: Train Epoch 71: 20/74 Loss: 0.036601
2026-04-27 13:14: Train Epoch 71: 40/74 Loss: 0.020080
2026-04-27 13:14: Train Epoch 71: 60/74 Loss: 0.036480
2026-04-27 13:14: **********Train Epoch 71: averaged Loss: 0.074645
2026-04-27 13:14: **********Val Epoch 71: average Loss: 0.058151
2026-04-27 13:14: Train Epoch 72: 0/74 Loss: 0.148421
2026-04-27 13:14: Train Epoch 72: 20/74 Loss: 0.011279
2026-04-27 13:14: Train Epoch 72: 40/74 Loss: 0.007633
2026-04-27 13:14: Train Epoch 72: 60/74 Loss: 0.005830
2026-04-27 13:14: **********Train Epoch 72: averaged Loss: 0.032268
2026-04-27 13:14: **********Val Epoch 72: average Loss: 0.014498
2026-04-27 13:14: Train Epoch 73: 0/74 Loss: 0.109286
2026-04-27 13:14: Train Epoch 73: 20/74 Loss: 0.003996
2026-04-27 13:14: Train Epoch 73: 40/74 Loss: 0.051013
2026-04-27 13:14: Train Epoch 73: 60/74 Loss: 0.043747
2026-04-27 13:14: **********Train Epoch 73: averaged Loss: 0.030588
2026-04-27 13:14: **********Val Epoch 73: average Loss: 0.020609
2026-04-27 13:14: Train Epoch 74: 0/74 Loss: 0.158819
2026-04-27 13:14: Train Epoch 74: 20/74 Loss: 0.047328
2026-04-27 13:14: Train Epoch 74: 40/74 Loss: 0.052665
2026-04-27 13:14: Train Epoch 74: 60/74 Loss: 0.007642
2026-04-27 13:14: **********Train Epoch 74: averaged Loss: 0.045754
2026-04-27 13:14: **********Val Epoch 74: average Loss: 0.035663
2026-04-27 13:14: Train Epoch 75: 0/74 Loss: 0.278908
2026-04-27 13:14: Train Epoch 75: 20/74 Loss: 0.007356
2026-04-27 13:14: Train Epoch 75: 40/74 Loss: 0.034229
2026-04-27 13:14: Train Epoch 75: 60/74 Loss: 0.006906
2026-04-27 13:14: **********Train Epoch 75: averaged Loss: 0.064315
2026-04-27 13:14: **********Val Epoch 75: average Loss: 0.055266
2026-04-27 13:14: Train Epoch 76: 0/74 Loss: 0.044255
2026-04-27 13:14: Train Epoch 76: 20/74 Loss: 0.009638
2026-04-27 13:14: Train Epoch 76: 40/74 Loss: 0.029374
2026-04-27 13:14: Train Epoch 76: 60/74 Loss: 0.008478
2026-04-27 13:14: **********Train Epoch 76: averaged Loss: 0.024530
2026-04-27 13:14: **********Val Epoch 76: average Loss: 0.107940
2026-04-27 13:14: Train Epoch 77: 0/74 Loss: 0.238500
2026-04-27 13:14: Train Epoch 77: 20/74 Loss: 0.015699
2026-04-27 13:14: Train Epoch 77: 40/74 Loss: 0.008922
2026-04-27 13:14: Train Epoch 77: 60/74 Loss: 0.004214
2026-04-27 13:14: **********Train Epoch 77: averaged Loss: 0.042523
2026-04-27 13:14: **********Val Epoch 77: average Loss: 0.026972
2026-04-27 13:14: Train Epoch 78: 0/74 Loss: 0.057299
2026-04-27 13:14: Train Epoch 78: 20/74 Loss: 0.013285
2026-04-27 13:14: Train Epoch 78: 40/74 Loss: 0.030957
2026-04-27 13:14: Train Epoch 78: 60/74 Loss: 0.011492
2026-04-27 13:14: **********Train Epoch 78: averaged Loss: 0.014014
2026-04-27 13:14: **********Val Epoch 78: average Loss: 0.014220
2026-04-27 13:14: Train Epoch 79: 0/74 Loss: 0.049991
2026-04-27 13:14: Train Epoch 79: 20/74 Loss: 0.027083
2026-04-27 13:15: Train Epoch 79: 40/74 Loss: 0.007131
2026-04-27 13:15: Train Epoch 79: 60/74 Loss: 0.006279
2026-04-27 13:15: **********Train Epoch 79: averaged Loss: 0.015720
2026-04-27 13:15: **********Val Epoch 79: average Loss: 0.025624
2026-04-27 13:15: Train Epoch 80: 0/74 Loss: 0.003204
2026-04-27 13:15: Train Epoch 80: 20/74 Loss: 0.009290
2026-04-27 13:15: Train Epoch 80: 40/74 Loss: 0.020946
2026-04-27 13:15: Train Epoch 80: 60/74 Loss: 0.029259
2026-04-27 13:15: **********Train Epoch 80: averaged Loss: 0.017187
2026-04-27 13:15: **********Val Epoch 80: average Loss: 0.022814
2026-04-27 13:15: Train Epoch 81: 0/74 Loss: 0.150855
2026-04-27 13:15: Train Epoch 81: 20/74 Loss: 0.033644
2026-04-27 13:15: Train Epoch 81: 40/74 Loss: 0.017716
2026-04-27 13:15: Train Epoch 81: 60/74 Loss: 0.039357
2026-04-27 13:15: **********Train Epoch 81: averaged Loss: 0.032620
2026-04-27 13:15: **********Val Epoch 81: average Loss: 0.018418
2026-04-27 13:15: Train Epoch 82: 0/74 Loss: 0.110314
2026-04-27 13:15: Train Epoch 82: 20/74 Loss: 0.025847
2026-04-27 13:15: Train Epoch 82: 40/74 Loss: 0.036207
2026-04-27 13:15: Train Epoch 82: 60/74 Loss: 0.041136
2026-04-27 13:15: **********Train Epoch 82: averaged Loss: 0.027710
2026-04-27 13:15: **********Val Epoch 82: average Loss: 0.024457
2026-04-27 13:15: Train Epoch 83: 0/74 Loss: 0.127052
2026-04-27 13:15: Train Epoch 83: 20/74 Loss: 0.042046
2026-04-27 13:15: Train Epoch 83: 40/74 Loss: 0.004893
2026-04-27 13:15: Train Epoch 83: 60/74 Loss: 0.033193
2026-04-27 13:15: **********Train Epoch 83: averaged Loss: 0.030225
2026-04-27 13:15: **********Val Epoch 83: average Loss: 0.018416
2026-04-27 13:15: Train Epoch 84: 0/74 Loss: 0.058900
2026-04-27 13:15: Train Epoch 84: 20/74 Loss: 0.025055
2026-04-27 13:15: Train Epoch 84: 40/74 Loss: 0.013437
2026-04-27 13:15: Train Epoch 84: 60/74 Loss: 0.022329
2026-04-27 13:15: **********Train Epoch 84: averaged Loss: 0.028020
2026-04-27 13:15: **********Val Epoch 84: average Loss: 0.015534
2026-04-27 13:15: Train Epoch 85: 0/74 Loss: 0.203747
2026-04-27 13:15: Train Epoch 85: 20/74 Loss: 0.021635
2026-04-27 13:15: Train Epoch 85: 40/74 Loss: 0.033774
2026-04-27 13:15: Train Epoch 85: 60/74 Loss: 0.029303
2026-04-27 13:15: **********Train Epoch 85: averaged Loss: 0.047364
2026-04-27 13:15: **********Val Epoch 85: average Loss: 0.037225
2026-04-27 13:15: Train Epoch 86: 0/74 Loss: 0.112091
2026-04-27 13:15: Train Epoch 86: 20/74 Loss: 0.032332
2026-04-27 13:15: Train Epoch 86: 40/74 Loss: 0.031608
2026-04-27 13:15: Train Epoch 86: 60/74 Loss: 0.042254
2026-04-27 13:15: **********Train Epoch 86: averaged Loss: 0.030906
2026-04-27 13:15: **********Val Epoch 86: average Loss: 0.030969
2026-04-27 13:15: Train Epoch 87: 0/74 Loss: 0.109031
2026-04-27 13:15: Train Epoch 87: 20/74 Loss: 0.009158
2026-04-27 13:15: Train Epoch 87: 40/74 Loss: 0.007212
2026-04-27 13:15: Train Epoch 87: 60/74 Loss: 0.022934
2026-04-27 13:15: **********Train Epoch 87: averaged Loss: 0.023615
2026-04-27 13:15: **********Val Epoch 87: average Loss: 0.019744
2026-04-27 13:15: Train Epoch 88: 0/74 Loss: 0.014934
2026-04-27 13:15: Train Epoch 88: 20/74 Loss: 0.007972
2026-04-27 13:15: Train Epoch 88: 40/74 Loss: 0.038478
2026-04-27 13:15: Train Epoch 88: 60/74 Loss: 0.017006
2026-04-27 13:15: **********Train Epoch 88: averaged Loss: 0.017868
2026-04-27 13:15: **********Val Epoch 88: average Loss: 0.034420
2026-04-27 13:15: Train Epoch 89: 0/74 Loss: 0.106822
2026-04-27 13:15: Train Epoch 89: 20/74 Loss: 0.003769
2026-04-27 13:15: Train Epoch 89: 40/74 Loss: 0.004524
2026-04-27 13:15: Train Epoch 89: 60/74 Loss: 0.042703
2026-04-27 13:15: **********Train Epoch 89: averaged Loss: 0.025857
2026-04-27 13:15: **********Val Epoch 89: average Loss: 0.022401
2026-04-27 13:15: Train Epoch 90: 0/74 Loss: 0.006957
2026-04-27 13:15: Train Epoch 90: 20/74 Loss: 0.010756
2026-04-27 13:15: Train Epoch 90: 40/74 Loss: 0.029003
2026-04-27 13:15: Train Epoch 90: 60/74 Loss: 0.009783
2026-04-27 13:15: **********Train Epoch 90: averaged Loss: 0.020342
2026-04-27 13:15: **********Val Epoch 90: average Loss: 0.015310
2026-04-27 13:15: Train Epoch 91: 0/74 Loss: 0.167435
2026-04-27 13:15: Train Epoch 91: 20/74 Loss: 0.028128
2026-04-27 13:15: Train Epoch 91: 40/74 Loss: 0.013215
2026-04-27 13:15: Train Epoch 91: 60/74 Loss: 0.004030
2026-04-27 13:15: **********Train Epoch 91: averaged Loss: 0.038252
2026-04-27 13:15: **********Val Epoch 91: average Loss: 0.016739
2026-04-27 13:15: Train Epoch 92: 0/74 Loss: 0.053508
2026-04-27 13:15: Train Epoch 92: 20/74 Loss: 0.005645
2026-04-27 13:15: Train Epoch 92: 40/74 Loss: 0.033943
2026-04-27 13:15: Train Epoch 92: 60/74 Loss: 0.038807
2026-04-27 13:16: **********Train Epoch 92: averaged Loss: 0.019718
2026-04-27 13:16: **********Val Epoch 92: average Loss: 0.020915
2026-04-27 13:16: Train Epoch 93: 0/74 Loss: 0.101859
2026-04-27 13:16: Train Epoch 93: 20/74 Loss: 0.023448
2026-04-27 13:16: Train Epoch 93: 40/74 Loss: 0.019702
2026-04-27 13:16: Train Epoch 93: 60/74 Loss: 0.012182
2026-04-27 13:16: **********Train Epoch 93: averaged Loss: 0.030668
2026-04-27 13:16: **********Val Epoch 93: average Loss: 0.022509
2026-04-27 13:16: Train Epoch 94: 0/74 Loss: 0.204309
2026-04-27 13:16: Train Epoch 94: 20/74 Loss: 0.046060
2026-04-27 13:16: Train Epoch 94: 40/74 Loss: 0.021173
2026-04-27 13:16: Train Epoch 94: 60/74 Loss: 0.005703
2026-04-27 13:16: **********Train Epoch 94: averaged Loss: 0.048043
2026-04-27 13:16: **********Val Epoch 94: average Loss: 0.014502
2026-04-27 13:16: Train Epoch 95: 0/74 Loss: 0.017955
2026-04-27 13:16: Train Epoch 95: 20/74 Loss: 0.004885
2026-04-27 13:16: Train Epoch 95: 40/74 Loss: 0.025887
2026-04-27 13:16: Train Epoch 95: 60/74 Loss: 0.037538
2026-04-27 13:16: **********Train Epoch 95: averaged Loss: 0.017041
2026-04-27 13:16: **********Val Epoch 95: average Loss: 0.018106
2026-04-27 13:16: Train Epoch 96: 0/74 Loss: 0.053172
2026-04-27 13:16: Train Epoch 96: 20/74 Loss: 0.008273
2026-04-27 13:16: Train Epoch 96: 40/74 Loss: 0.040232
2026-04-27 13:16: Train Epoch 96: 60/74 Loss: 0.018129
2026-04-27 13:16: **********Train Epoch 96: averaged Loss: 0.024823
2026-04-27 13:16: **********Val Epoch 96: average Loss: 0.023387
2026-04-27 13:16: Train Epoch 97: 0/74 Loss: 0.154210
2026-04-27 13:16: Train Epoch 97: 20/74 Loss: 0.024651
2026-04-27 13:16: Train Epoch 97: 40/74 Loss: 0.004834
2026-04-27 13:16: Train Epoch 97: 60/74 Loss: 0.011195
2026-04-27 13:16: **********Train Epoch 97: averaged Loss: 0.038728
2026-04-27 13:16: **********Val Epoch 97: average Loss: 0.015709
2026-04-27 13:16: Train Epoch 98: 0/74 Loss: 0.054094
2026-04-27 13:16: Train Epoch 98: 20/74 Loss: 0.004578
2026-04-27 13:16: Train Epoch 98: 40/74 Loss: 0.005867
2026-04-27 13:16: Train Epoch 98: 60/74 Loss: 0.013853
2026-04-27 13:16: **********Train Epoch 98: averaged Loss: 0.017105
2026-04-27 13:16: **********Val Epoch 98: average Loss: 0.012193
2026-04-27 13:16: *********************************Current best model saved!
2026-04-27 13:16: Train Epoch 99: 0/74 Loss: 0.022909
2026-04-27 13:16: Train Epoch 99: 20/74 Loss: 0.017444
2026-04-27 13:16: Train Epoch 99: 40/74 Loss: 0.043871
2026-04-27 13:16: Train Epoch 99: 60/74 Loss: 0.010926
2026-04-27 13:16: **********Train Epoch 99: averaged Loss: 0.022193
2026-04-27 13:16: **********Val Epoch 99: average Loss: 0.017243
2026-04-27 13:16: Train Epoch 100: 0/74 Loss: 0.241987
2026-04-27 13:16: Train Epoch 100: 20/74 Loss: 0.038489
2026-04-27 13:16: Train Epoch 100: 40/74 Loss: 0.013952
2026-04-27 13:16: Train Epoch 100: 60/74 Loss: 0.013505
2026-04-27 13:16: **********Train Epoch 100: averaged Loss: 0.050111
2026-04-27 13:16: **********Val Epoch 100: average Loss: 0.014810
2026-04-27 13:16: Train Epoch 101: 0/74 Loss: 0.044658
2026-04-27 13:16: Train Epoch 101: 20/74 Loss: 0.025187
2026-04-27 13:16: Train Epoch 101: 40/74 Loss: 0.028410
2026-04-27 13:16: Train Epoch 101: 60/74 Loss: 0.018727
2026-04-27 13:16: **********Train Epoch 101: averaged Loss: 0.021728
2026-04-27 13:16: **********Val Epoch 101: average Loss: 0.038094
2026-04-27 13:16: Train Epoch 102: 0/74 Loss: 0.159907
2026-04-27 13:16: Train Epoch 102: 20/74 Loss: 0.038332
2026-04-27 13:16: Train Epoch 102: 40/74 Loss: 0.016328
2026-04-27 13:16: Train Epoch 102: 60/74 Loss: 0.012541
2026-04-27 13:16: **********Train Epoch 102: averaged Loss: 0.031386
2026-04-27 13:16: **********Val Epoch 102: average Loss: 0.021353
2026-04-27 13:16: Train Epoch 103: 0/74 Loss: 0.081217
2026-04-27 13:16: Train Epoch 103: 20/74 Loss: 0.012673
2026-04-27 13:16: Train Epoch 103: 40/74 Loss: 0.042531
2026-04-27 13:16: Train Epoch 103: 60/74 Loss: 0.014267
2026-04-27 13:16: **********Train Epoch 103: averaged Loss: 0.028973
2026-04-27 13:16: **********Val Epoch 103: average Loss: 0.033348
2026-04-27 13:16: Train Epoch 104: 0/74 Loss: 0.194322
2026-04-27 13:16: Train Epoch 104: 20/74 Loss: 0.010656
2026-04-27 13:16: Train Epoch 104: 40/74 Loss: 0.031948
2026-04-27 13:16: Train Epoch 104: 60/74 Loss: 0.022592
2026-04-27 13:16: **********Train Epoch 104: averaged Loss: 0.050740
2026-04-27 13:16: **********Val Epoch 104: average Loss: 0.020244
2026-04-27 13:16: Train Epoch 105: 0/74 Loss: 0.063848
2026-04-27 13:16: Train Epoch 105: 20/74 Loss: 0.030486
2026-04-27 13:16: Train Epoch 105: 40/74 Loss: 0.008384
